// Jest Snapshot v1, https://goo.gl/fbAQLP

exports[`App component renders App 1`] = `
<DocumentFragment>
  <section
    class="NewPostForm"
  >
    <h2>
      Create Post
    </h2>
    <form>
      <input
        name="title"
        placeholder="Title..."
        value=""
      />
      <textarea
        name="body"
        placeholder="Body..."
      />
      <button>
        Submit
      </button>
    </form>
  </section>
  <ul />
</DocumentFragment>
`;
