// Jest Snapshot v1, https://goo.gl/fbAQLP

exports[`PostList component renders PostList 1`] = `
<DocumentFragment>
  <ul />
</DocumentFragment>
`;
